[2023-08-24T15:56:04.456-0700][gc,init] CardTable entry size: 512
[2023-08-24T15:56:04.456-0700][gc     ] Using G1
[2023-08-24T15:56:04.458-0700][gc,init] Version: 18.0.1.1+2-6 (release)
[2023-08-24T15:56:04.458-0700][gc,init] CPUs: 8 total, 8 available
[2023-08-24T15:56:04.458-0700][gc,init] Memory: 16384M
[2023-08-24T15:56:04.458-0700][gc,init] Large Page Support: Disabled
[2023-08-24T15:56:04.458-0700][gc,init] NUMA Support: Disabled
[2023-08-24T15:56:04.458-0700][gc,init] Compressed Oops: Enabled (Zero based)
[2023-08-24T15:56:04.458-0700][gc,init] Heap Region Size: 1M
[2023-08-24T15:56:04.458-0700][gc,init] Heap Min Capacity: 512M
[2023-08-24T15:56:04.458-0700][gc,init] Heap Initial Capacity: 512M
[2023-08-24T15:56:04.458-0700][gc,init] Heap Max Capacity: 512M
[2023-08-24T15:56:04.458-0700][gc,init] Pre-touch: Disabled
[2023-08-24T15:56:04.458-0700][gc,init] Parallel Workers: 8
[2023-08-24T15:56:04.458-0700][gc,init] Concurrent Workers: 2
[2023-08-24T15:56:04.458-0700][gc,init] Concurrent Refinement Workers: 8
[2023-08-24T15:56:04.458-0700][gc,init] Periodic GC: Disabled
[2023-08-24T15:56:04.458-0700][gc,metaspace] CDS archive(s) mapped at: [0x0000000800000000-0x0000000800ba8000-0x0000000800ba8000), size 12222464, SharedBaseAddress: 0x0000000800000000, ArchiveRelocationMode: 0.
[2023-08-24T15:56:04.458-0700][gc,metaspace] Compressed class space mapped at: 0x0000000800c00000-0x0000000840c00000, reserved size: 1073741824
[2023-08-24T15:56:04.458-0700][gc,metaspace] Narrow klass base: 0x0000000800000000, Narrow klass shift: 0, Narrow klass range: 0x100000000
[2023-08-24T15:56:07.399-0700][gc,start    ] GC(0) Pause Young (Normal) (G1 Evacuation Pause)
[2023-08-24T15:56:07.400-0700][gc,task     ] GC(0) Using 8 workers of 8 for evacuation
[2023-08-24T15:56:07.415-0700][gc,phases   ] GC(0)   Pre Evacuate Collection Set: 0.1ms
[2023-08-24T15:56:07.415-0700][gc,phases   ] GC(0)   Merge Heap Roots: 0.1ms
[2023-08-24T15:56:07.415-0700][gc,phases   ] GC(0)   Evacuate Collection Set: 14.5ms
[2023-08-24T15:56:07.415-0700][gc,phases   ] GC(0)   Post Evacuate Collection Set: 0.5ms
[2023-08-24T15:56:07.415-0700][gc,phases   ] GC(0)   Other: 0.5ms
[2023-08-24T15:56:07.415-0700][gc,heap     ] GC(0) Eden regions: 256->0(249)
[2023-08-24T15:56:07.415-0700][gc,heap     ] GC(0) Survivor regions: 0->7(32)
[2023-08-24T15:56:07.415-0700][gc,heap     ] GC(0) Old regions: 0->0
[2023-08-24T15:56:07.415-0700][gc,heap     ] GC(0) Archive regions: 2->2
[2023-08-24T15:56:07.415-0700][gc,heap     ] GC(0) Humongous regions: 0->0
[2023-08-24T15:56:07.415-0700][gc,metaspace] GC(0) Metaspace: 16081K(16320K)->16081K(16320K) NonClass: 14185K(14272K)->14185K(14272K) Class: 1896K(2048K)->1896K(2048K)
[2023-08-24T15:56:07.415-0700][gc          ] GC(0) Pause Young (Normal) (G1 Evacuation Pause) 256M->7M(512M) 15.994ms
[2023-08-24T15:56:07.415-0700][gc,cpu      ] GC(0) User=0.04s Sys=0.02s Real=0.02s
[2023-08-24T15:56:09.080-0700][gc,start    ] GC(1) Pause Young (Concurrent Start) (GCLocker Initiated GC)
[2023-08-24T15:56:09.080-0700][gc,task     ] GC(1) Using 8 workers of 8 for evacuation
[2023-08-24T15:56:09.095-0700][gc,phases   ] GC(1)   Pre Evacuate Collection Set: 0.1ms
[2023-08-24T15:56:09.095-0700][gc,phases   ] GC(1)   Merge Heap Roots: 0.0ms
[2023-08-24T15:56:09.095-0700][gc,phases   ] GC(1)   Evacuate Collection Set: 14.3ms
[2023-08-24T15:56:09.095-0700][gc,phases   ] GC(1)   Post Evacuate Collection Set: 0.9ms
[2023-08-24T15:56:09.095-0700][gc,phases   ] GC(1)   Other: 0.1ms
[2023-08-24T15:56:09.095-0700][gc,heap     ] GC(1) Eden regions: 144->0(247)
[2023-08-24T15:56:09.095-0700][gc,heap     ] GC(1) Survivor regions: 7->9(32)
[2023-08-24T15:56:09.095-0700][gc,heap     ] GC(1) Old regions: 0->0
[2023-08-24T15:56:09.095-0700][gc,heap     ] GC(1) Archive regions: 2->2
[2023-08-24T15:56:09.095-0700][gc,heap     ] GC(1) Humongous regions: 0->0
[2023-08-24T15:56:09.095-0700][gc,metaspace] GC(1) Metaspace: 21284K(21568K)->21284K(21568K) NonClass: 18770K(18944K)->18770K(18944K) Class: 2513K(2624K)->2513K(2624K)
[2023-08-24T15:56:09.095-0700][gc          ] GC(1) Pause Young (Concurrent Start) (GCLocker Initiated GC) 150M->9M(512M) 15.511ms
[2023-08-24T15:56:09.095-0700][gc,cpu      ] GC(1) User=0.04s Sys=0.02s Real=0.01s
[2023-08-24T15:56:09.095-0700][gc          ] GC(2) Concurrent Mark Cycle
[2023-08-24T15:56:09.096-0700][gc,marking  ] GC(2) Concurrent Clear Claimed Marks
[2023-08-24T15:56:09.096-0700][gc,marking  ] GC(2) Concurrent Clear Claimed Marks 0.014ms
[2023-08-24T15:56:09.096-0700][gc,marking  ] GC(2) Concurrent Scan Root Regions
[2023-08-24T15:56:09.098-0700][gc,marking  ] GC(2) Concurrent Scan Root Regions 2.730ms
[2023-08-24T15:56:09.098-0700][gc,marking  ] GC(2) Concurrent Mark
[2023-08-24T15:56:09.098-0700][gc,marking  ] GC(2) Concurrent Mark From Roots
[2023-08-24T15:56:09.098-0700][gc,task     ] GC(2) Using 2 workers of 2 for marking
[2023-08-24T15:56:09.102-0700][gc,marking  ] GC(2) Concurrent Mark From Roots 3.382ms
[2023-08-24T15:56:09.102-0700][gc,marking  ] GC(2) Concurrent Preclean
[2023-08-24T15:56:09.102-0700][gc,marking  ] GC(2) Concurrent Preclean 0.016ms
[2023-08-24T15:56:09.102-0700][gc,start    ] GC(2) Pause Remark
[2023-08-24T15:56:09.109-0700][gc          ] GC(2) Pause Remark 10M->10M(512M) 6.973ms
[2023-08-24T15:56:09.109-0700][gc,cpu      ] GC(2) User=0.01s Sys=0.01s Real=0.00s
[2023-08-24T15:56:09.109-0700][gc,marking  ] GC(2) Concurrent Mark 11.079ms
[2023-08-24T15:56:09.109-0700][gc,marking  ] GC(2) Concurrent Rebuild Remembered Sets
[2023-08-24T15:56:09.110-0700][gc,marking  ] GC(2) Concurrent Rebuild Remembered Sets 0.021ms
[2023-08-24T15:56:09.111-0700][gc,start    ] GC(2) Pause Cleanup
[2023-08-24T15:56:09.111-0700][gc          ] GC(2) Pause Cleanup 10M->10M(512M) 0.023ms
[2023-08-24T15:56:09.111-0700][gc,cpu      ] GC(2) User=0.00s Sys=0.00s Real=0.00s
[2023-08-24T15:56:09.111-0700][gc,marking  ] GC(2) Concurrent Cleanup for Next Mark
[2023-08-24T15:56:09.114-0700][gc,marking  ] GC(2) Concurrent Cleanup for Next Mark 2.827ms
[2023-08-24T15:56:09.114-0700][gc          ] GC(2) Concurrent Mark Cycle 18.689ms
[2023-08-24T15:56:11.449-0700][gc,start    ] GC(3) Pause Young (Normal) (G1 Evacuation Pause)
[2023-08-24T15:56:11.450-0700][gc,task     ] GC(3) Using 8 workers of 8 for evacuation
[2023-08-24T15:56:11.460-0700][gc,phases   ] GC(3)   Pre Evacuate Collection Set: 0.1ms
[2023-08-24T15:56:11.460-0700][gc,phases   ] GC(3)   Merge Heap Roots: 0.1ms
[2023-08-24T15:56:11.460-0700][gc,phases   ] GC(3)   Evacuate Collection Set: 9.8ms
[2023-08-24T15:56:11.460-0700][gc,phases   ] GC(3)   Post Evacuate Collection Set: 0.5ms
[2023-08-24T15:56:11.460-0700][gc,phases   ] GC(3)   Other: 0.1ms
[2023-08-24T15:56:11.460-0700][gc,heap     ] GC(3) Eden regions: 247->0(243)
[2023-08-24T15:56:11.460-0700][gc,heap     ] GC(3) Survivor regions: 9->13(32)
[2023-08-24T15:56:11.460-0700][gc,heap     ] GC(3) Old regions: 0->0
[2023-08-24T15:56:11.460-0700][gc,heap     ] GC(3) Archive regions: 2->2
[2023-08-24T15:56:11.460-0700][gc,heap     ] GC(3) Humongous regions: 0->0
[2023-08-24T15:56:11.460-0700][gc,metaspace] GC(3) Metaspace: 23521K(23808K)->23521K(23808K) NonClass: 20773K(20928K)->20773K(20928K) Class: 2747K(2880K)->2747K(2880K)
[2023-08-24T15:56:11.460-0700][gc          ] GC(3) Pause Young (Normal) (G1 Evacuation Pause) 256M->13M(512M) 10.584ms
[2023-08-24T15:56:11.460-0700][gc,cpu      ] GC(3) User=0.03s Sys=0.01s Real=0.02s
[2023-08-24T15:56:14.207-0700][gc,start    ] GC(4) Pause Young (Normal) (G1 Evacuation Pause)
[2023-08-24T15:56:14.207-0700][gc,task     ] GC(4) Using 8 workers of 8 for evacuation
[2023-08-24T15:56:14.224-0700][gc,phases   ] GC(4)   Pre Evacuate Collection Set: 0.1ms
[2023-08-24T15:56:14.224-0700][gc,phases   ] GC(4)   Merge Heap Roots: 0.0ms
[2023-08-24T15:56:14.224-0700][gc,phases   ] GC(4)   Evacuate Collection Set: 15.9ms
[2023-08-24T15:56:14.224-0700][gc,phases   ] GC(4)   Post Evacuate Collection Set: 0.5ms
[2023-08-24T15:56:14.224-0700][gc,phases   ] GC(4)   Other: 0.1ms
[2023-08-24T15:56:14.224-0700][gc,heap     ] GC(4) Eden regions: 243->0(240)
[2023-08-24T15:56:14.224-0700][gc,heap     ] GC(4) Survivor regions: 13->16(32)
[2023-08-24T15:56:14.224-0700][gc,heap     ] GC(4) Old regions: 0->0
[2023-08-24T15:56:14.224-0700][gc,heap     ] GC(4) Archive regions: 2->2
[2023-08-24T15:56:14.224-0700][gc,heap     ] GC(4) Humongous regions: 0->0
[2023-08-24T15:56:14.224-0700][gc,metaspace] GC(4) Metaspace: 25599K(25920K)->25599K(25920K) NonClass: 22565K(22720K)->22565K(22720K) Class: 3034K(3200K)->3034K(3200K)
[2023-08-24T15:56:14.224-0700][gc          ] GC(4) Pause Young (Normal) (G1 Evacuation Pause) 256M->16M(512M) 16.766ms
[2023-08-24T15:56:14.224-0700][gc,cpu      ] GC(4) User=0.04s Sys=0.02s Real=0.02s
[2023-08-24T15:56:18.206-0700][gc,start    ] GC(5) Pause Young (Normal) (G1 Evacuation Pause)
[2023-08-24T15:56:18.206-0700][gc,task     ] GC(5) Using 8 workers of 8 for evacuation
[2023-08-24T15:56:18.229-0700][gc,phases   ] GC(5)   Pre Evacuate Collection Set: 0.1ms
[2023-08-24T15:56:18.229-0700][gc,phases   ] GC(5)   Merge Heap Roots: 0.0ms
[2023-08-24T15:56:18.229-0700][gc,phases   ] GC(5)   Evacuate Collection Set: 22.1ms
[2023-08-24T15:56:18.229-0700][gc,phases   ] GC(5)   Post Evacuate Collection Set: 1.0ms
[2023-08-24T15:56:18.229-0700][gc,phases   ] GC(5)   Other: 0.1ms
[2023-08-24T15:56:18.229-0700][gc,heap     ] GC(5) Eden regions: 240->0(235)
[2023-08-24T15:56:18.229-0700][gc,heap     ] GC(5) Survivor regions: 16->21(32)
[2023-08-24T15:56:18.229-0700][gc,heap     ] GC(5) Old regions: 0->0
[2023-08-24T15:56:18.229-0700][gc,heap     ] GC(5) Archive regions: 2->2
[2023-08-24T15:56:18.229-0700][gc,heap     ] GC(5) Humongous regions: 0->0
[2023-08-24T15:56:18.230-0700][gc,metaspace] GC(5) Metaspace: 35264K(35648K)->35264K(35648K) NonClass: 31115K(31296K)->31115K(31296K) Class: 4148K(4352K)->4148K(4352K)
[2023-08-24T15:56:18.230-0700][gc          ] GC(5) Pause Young (Normal) (G1 Evacuation Pause) 256M->21M(512M) 23.380ms
[2023-08-24T15:56:18.230-0700][gc,cpu      ] GC(5) User=0.06s Sys=0.03s Real=0.03s
[2023-08-24T15:56:18.658-0700][gc,start    ] GC(6) Pause Young (Concurrent Start) (Metadata GC Threshold)
[2023-08-24T15:56:18.658-0700][gc,task     ] GC(6) Using 8 workers of 8 for evacuation
[2023-08-24T15:56:18.680-0700][gc,phases   ] GC(6)   Pre Evacuate Collection Set: 0.1ms
[2023-08-24T15:56:18.680-0700][gc,phases   ] GC(6)   Merge Heap Roots: 0.0ms
[2023-08-24T15:56:18.680-0700][gc,phases   ] GC(6)   Evacuate Collection Set: 21.3ms
[2023-08-24T15:56:18.680-0700][gc,phases   ] GC(6)   Post Evacuate Collection Set: 0.6ms
[2023-08-24T15:56:18.680-0700][gc,phases   ] GC(6)   Other: 0.0ms
[2023-08-24T15:56:18.680-0700][gc,heap     ] GC(6) Eden regions: 29->0(240)
[2023-08-24T15:56:18.680-0700][gc,heap     ] GC(6) Survivor regions: 21->16(32)
[2023-08-24T15:56:18.680-0700][gc,heap     ] GC(6) Old regions: 0->6
[2023-08-24T15:56:18.680-0700][gc,heap     ] GC(6) Archive regions: 2->2
[2023-08-24T15:56:18.680-0700][gc,heap     ] GC(6) Humongous regions: 0->0
[2023-08-24T15:56:18.680-0700][gc,metaspace] GC(6) Metaspace: 35557K(35968K)->35557K(35968K) NonClass: 31374K(31552K)->31374K(31552K) Class: 4183K(4416K)->4183K(4416K)
[2023-08-24T15:56:18.680-0700][gc          ] GC(6) Pause Young (Concurrent Start) (Metadata GC Threshold) 50M->22M(512M) 22.185ms
[2023-08-24T15:56:18.680-0700][gc,cpu      ] GC(6) User=0.05s Sys=0.02s Real=0.03s
[2023-08-24T15:56:18.680-0700][gc          ] GC(7) Concurrent Mark Cycle
[2023-08-24T15:56:18.680-0700][gc,marking  ] GC(7) Concurrent Clear Claimed Marks
[2023-08-24T15:56:18.680-0700][gc,marking  ] GC(7) Concurrent Clear Claimed Marks 0.017ms
[2023-08-24T15:56:18.680-0700][gc,marking  ] GC(7) Concurrent Scan Root Regions
[2023-08-24T15:56:18.685-0700][gc,marking  ] GC(7) Concurrent Scan Root Regions 4.765ms
[2023-08-24T15:56:18.685-0700][gc,marking  ] GC(7) Concurrent Mark
[2023-08-24T15:56:18.685-0700][gc,marking  ] GC(7) Concurrent Mark From Roots
[2023-08-24T15:56:18.685-0700][gc,task     ] GC(7) Using 2 workers of 2 for marking
[2023-08-24T15:56:18.686-0700][gc,marking  ] GC(7) Concurrent Mark From Roots 0.676ms
[2023-08-24T15:56:18.686-0700][gc,marking  ] GC(7) Concurrent Preclean
[2023-08-24T15:56:18.686-0700][gc,marking  ] GC(7) Concurrent Preclean 0.008ms
[2023-08-24T15:56:18.686-0700][gc,start    ] GC(7) Pause Remark
[2023-08-24T15:56:18.691-0700][gc          ] GC(7) Pause Remark 22M->22M(512M) 4.917ms
[2023-08-24T15:56:18.691-0700][gc,cpu      ] GC(7) User=0.01s Sys=0.00s Real=0.01s
[2023-08-24T15:56:18.691-0700][gc,marking  ] GC(7) Concurrent Mark 5.796ms
[2023-08-24T15:56:18.691-0700][gc,marking  ] GC(7) Concurrent Rebuild Remembered Sets
[2023-08-24T15:56:18.704-0700][gc,marking  ] GC(7) Concurrent Rebuild Remembered Sets 13.355ms
[2023-08-24T15:56:18.704-0700][gc,start    ] GC(7) Pause Cleanup
[2023-08-24T15:56:18.704-0700][gc          ] GC(7) Pause Cleanup 22M->22M(512M) 0.044ms
[2023-08-24T15:56:18.704-0700][gc,cpu      ] GC(7) User=0.00s Sys=0.00s Real=0.00s
[2023-08-24T15:56:18.704-0700][gc,marking  ] GC(7) Concurrent Cleanup for Next Mark
[2023-08-24T15:56:18.706-0700][gc,marking  ] GC(7) Concurrent Cleanup for Next Mark 1.362ms
[2023-08-24T15:56:18.706-0700][gc          ] GC(7) Concurrent Mark Cycle 25.580ms
