[2023-08-24T14:50:53.630-0700][gc,init] CardTable entry size: 512
[2023-08-24T14:50:53.630-0700][gc     ] Using G1
[2023-08-24T14:50:53.632-0700][gc,init] Version: 18.0.1.1+2-6 (release)
[2023-08-24T14:50:53.632-0700][gc,init] CPUs: 8 total, 8 available
[2023-08-24T14:50:53.632-0700][gc,init] Memory: 16384M
[2023-08-24T14:50:53.632-0700][gc,init] Large Page Support: Disabled
[2023-08-24T14:50:53.632-0700][gc,init] NUMA Support: Disabled
[2023-08-24T14:50:53.632-0700][gc,init] Compressed Oops: Enabled (Zero based)
[2023-08-24T14:50:53.632-0700][gc,init] Heap Region Size: 1M
[2023-08-24T14:50:53.632-0700][gc,init] Heap Min Capacity: 512M
[2023-08-24T14:50:53.632-0700][gc,init] Heap Initial Capacity: 512M
[2023-08-24T14:50:53.632-0700][gc,init] Heap Max Capacity: 512M
[2023-08-24T14:50:53.632-0700][gc,init] Pre-touch: Disabled
[2023-08-24T14:50:53.632-0700][gc,init] Parallel Workers: 8
[2023-08-24T14:50:53.632-0700][gc,init] Concurrent Workers: 2
[2023-08-24T14:50:53.632-0700][gc,init] Concurrent Refinement Workers: 8
[2023-08-24T14:50:53.632-0700][gc,init] Periodic GC: Disabled
[2023-08-24T14:50:53.632-0700][gc,metaspace] CDS archive(s) mapped at: [0x0000000800000000-0x0000000800ba8000-0x0000000800ba8000), size 12222464, SharedBaseAddress: 0x0000000800000000, ArchiveRelocationMode: 0.
[2023-08-24T14:50:53.632-0700][gc,metaspace] Compressed class space mapped at: 0x0000000800c00000-0x0000000840c00000, reserved size: 1073741824
[2023-08-24T14:50:53.632-0700][gc,metaspace] Narrow klass base: 0x0000000800000000, Narrow klass shift: 0, Narrow klass range: 0x100000000
[2023-08-24T14:50:56.702-0700][gc,start    ] GC(0) Pause Young (Normal) (G1 Evacuation Pause)
[2023-08-24T14:50:56.703-0700][gc,task     ] GC(0) Using 8 workers of 8 for evacuation
[2023-08-24T14:50:56.721-0700][gc,phases   ] GC(0)   Pre Evacuate Collection Set: 0.1ms
[2023-08-24T14:50:56.721-0700][gc,phases   ] GC(0)   Merge Heap Roots: 0.5ms
[2023-08-24T14:50:56.721-0700][gc,phases   ] GC(0)   Evacuate Collection Set: 16.4ms
[2023-08-24T14:50:56.721-0700][gc,phases   ] GC(0)   Post Evacuate Collection Set: 0.5ms
[2023-08-24T14:50:56.721-0700][gc,phases   ] GC(0)   Other: 0.5ms
[2023-08-24T14:50:56.721-0700][gc,heap     ] GC(0) Eden regions: 256->0(249)
[2023-08-24T14:50:56.721-0700][gc,heap     ] GC(0) Survivor regions: 0->7(32)
[2023-08-24T14:50:56.721-0700][gc,heap     ] GC(0) Old regions: 0->0
[2023-08-24T14:50:56.721-0700][gc,heap     ] GC(0) Archive regions: 2->2
[2023-08-24T14:50:56.721-0700][gc,heap     ] GC(0) Humongous regions: 0->0
[2023-08-24T14:50:56.721-0700][gc,metaspace] GC(0) Metaspace: 16333K(16576K)->16333K(16576K) NonClass: 14402K(14528K)->14402K(14528K) Class: 1931K(2048K)->1931K(2048K)
[2023-08-24T14:50:56.721-0700][gc          ] GC(0) Pause Young (Normal) (G1 Evacuation Pause) 256M->7M(512M) 19.120ms
[2023-08-24T14:50:56.721-0700][gc,cpu      ] GC(0) User=0.03s Sys=0.01s Real=0.02s
[2023-08-24T14:50:58.247-0700][gc,start    ] GC(1) Pause Young (Concurrent Start) (Metadata GC Threshold)
[2023-08-24T14:50:58.247-0700][gc,task     ] GC(1) Using 8 workers of 8 for evacuation
[2023-08-24T14:50:58.267-0700][gc,phases   ] GC(1)   Pre Evacuate Collection Set: 0.3ms
[2023-08-24T14:50:58.267-0700][gc,phases   ] GC(1)   Merge Heap Roots: 0.0ms
[2023-08-24T14:50:58.267-0700][gc,phases   ] GC(1)   Evacuate Collection Set: 18.5ms
[2023-08-24T14:50:58.267-0700][gc,phases   ] GC(1)   Post Evacuate Collection Set: 0.7ms
[2023-08-24T14:50:58.267-0700][gc,phases   ] GC(1)   Other: 0.1ms
[2023-08-24T14:50:58.267-0700][gc,heap     ] GC(1) Eden regions: 114->0(247)
[2023-08-24T14:50:58.267-0700][gc,heap     ] GC(1) Survivor regions: 7->9(32)
[2023-08-24T14:50:58.267-0700][gc,heap     ] GC(1) Old regions: 0->0
[2023-08-24T14:50:58.267-0700][gc,heap     ] GC(1) Archive regions: 2->2
[2023-08-24T14:50:58.267-0700][gc,heap     ] GC(1) Humongous regions: 0->0
[2023-08-24T14:50:58.267-0700][gc,metaspace] GC(1) Metaspace: 21247K(21504K)->21247K(21504K) NonClass: 18733K(18880K)->18733K(18880K) Class: 2514K(2624K)->2514K(2624K)
[2023-08-24T14:50:58.267-0700][gc          ] GC(1) Pause Young (Concurrent Start) (Metadata GC Threshold) 121M->9M(512M) 19.907ms
[2023-08-24T14:50:58.267-0700][gc,cpu      ] GC(1) User=0.04s Sys=0.02s Real=0.02s
[2023-08-24T14:50:58.267-0700][gc          ] GC(2) Concurrent Mark Cycle
[2023-08-24T14:50:58.267-0700][gc,marking  ] GC(2) Concurrent Clear Claimed Marks
[2023-08-24T14:50:58.267-0700][gc,marking  ] GC(2) Concurrent Clear Claimed Marks 0.014ms
[2023-08-24T14:50:58.267-0700][gc,marking  ] GC(2) Concurrent Scan Root Regions
[2023-08-24T14:50:58.272-0700][gc,marking  ] GC(2) Concurrent Scan Root Regions 4.846ms
[2023-08-24T14:50:58.272-0700][gc,marking  ] GC(2) Concurrent Mark
[2023-08-24T14:50:58.272-0700][gc,marking  ] GC(2) Concurrent Mark From Roots
[2023-08-24T14:50:58.272-0700][gc,task     ] GC(2) Using 2 workers of 2 for marking
[2023-08-24T14:50:58.273-0700][gc,marking  ] GC(2) Concurrent Mark From Roots 0.862ms
[2023-08-24T14:50:58.273-0700][gc,marking  ] GC(2) Concurrent Preclean
[2023-08-24T14:50:58.273-0700][gc,marking  ] GC(2) Concurrent Preclean 0.011ms
[2023-08-24T14:50:58.273-0700][gc,start    ] GC(2) Pause Remark
[2023-08-24T14:50:58.280-0700][gc          ] GC(2) Pause Remark 10M->10M(512M) 7.224ms
[2023-08-24T14:50:58.280-0700][gc,cpu      ] GC(2) User=0.01s Sys=0.01s Real=0.01s
[2023-08-24T14:50:58.281-0700][gc,marking  ] GC(2) Concurrent Mark 8.930ms
[2023-08-24T14:50:58.281-0700][gc,marking  ] GC(2) Concurrent Rebuild Remembered Sets
[2023-08-24T14:50:58.281-0700][gc,marking  ] GC(2) Concurrent Rebuild Remembered Sets 0.008ms
[2023-08-24T14:50:58.281-0700][gc,start    ] GC(2) Pause Cleanup
[2023-08-24T14:50:58.281-0700][gc          ] GC(2) Pause Cleanup 10M->10M(512M) 0.037ms
[2023-08-24T14:50:58.281-0700][gc,cpu      ] GC(2) User=0.00s Sys=0.00s Real=0.00s
[2023-08-24T14:50:58.281-0700][gc,marking  ] GC(2) Concurrent Cleanup for Next Mark
[2023-08-24T14:50:58.284-0700][gc,marking  ] GC(2) Concurrent Cleanup for Next Mark 3.355ms
[2023-08-24T14:50:58.284-0700][gc          ] GC(2) Concurrent Mark Cycle 17.551ms
[2023-08-24T14:51:01.356-0700][gc,start    ] GC(3) Pause Young (Normal) (G1 Evacuation Pause)
[2023-08-24T14:51:01.356-0700][gc,task     ] GC(3) Using 8 workers of 8 for evacuation
[2023-08-24T14:51:01.373-0700][gc,phases   ] GC(3)   Pre Evacuate Collection Set: 0.1ms
[2023-08-24T14:51:01.373-0700][gc,phases   ] GC(3)   Merge Heap Roots: 0.1ms
[2023-08-24T14:51:01.374-0700][gc,phases   ] GC(3)   Evacuate Collection Set: 16.5ms
[2023-08-24T14:51:01.374-0700][gc,phases   ] GC(3)   Post Evacuate Collection Set: 0.5ms
[2023-08-24T14:51:01.374-0700][gc,phases   ] GC(3)   Other: 0.1ms
[2023-08-24T14:51:01.374-0700][gc,heap     ] GC(3) Eden regions: 247->0(243)
[2023-08-24T14:51:01.374-0700][gc,heap     ] GC(3) Survivor regions: 9->13(32)
[2023-08-24T14:51:01.374-0700][gc,heap     ] GC(3) Old regions: 0->0
[2023-08-24T14:51:01.374-0700][gc,heap     ] GC(3) Archive regions: 2->2
[2023-08-24T14:51:01.374-0700][gc,heap     ] GC(3) Humongous regions: 0->0
[2023-08-24T14:51:01.374-0700][gc,metaspace] GC(3) Metaspace: 23502K(23744K)->23502K(23744K) NonClass: 20749K(20864K)->20749K(20864K) Class: 2752K(2880K)->2752K(2880K)
[2023-08-24T14:51:01.374-0700][gc          ] GC(3) Pause Young (Normal) (G1 Evacuation Pause) 256M->13M(512M) 17.401ms
[2023-08-24T14:51:01.374-0700][gc,cpu      ] GC(3) User=0.03s Sys=0.02s Real=0.02s
[2023-08-24T14:51:04.448-0700][gc,start    ] GC(4) Pause Young (Normal) (G1 Evacuation Pause)
[2023-08-24T14:51:04.448-0700][gc,task     ] GC(4) Using 8 workers of 8 for evacuation
[2023-08-24T14:51:04.464-0700][gc,phases   ] GC(4)   Pre Evacuate Collection Set: 0.1ms
[2023-08-24T14:51:04.464-0700][gc,phases   ] GC(4)   Merge Heap Roots: 0.1ms
[2023-08-24T14:51:04.464-0700][gc,phases   ] GC(4)   Evacuate Collection Set: 15.7ms
[2023-08-24T14:51:04.464-0700][gc,phases   ] GC(4)   Post Evacuate Collection Set: 0.5ms
[2023-08-24T14:51:04.464-0700][gc,phases   ] GC(4)   Other: 0.0ms
[2023-08-24T14:51:04.464-0700][gc,heap     ] GC(4) Eden regions: 243->0(240)
[2023-08-24T14:51:04.464-0700][gc,heap     ] GC(4) Survivor regions: 13->16(32)
[2023-08-24T14:51:04.464-0700][gc,heap     ] GC(4) Old regions: 0->0
[2023-08-24T14:51:04.464-0700][gc,heap     ] GC(4) Archive regions: 2->2
[2023-08-24T14:51:04.464-0700][gc,heap     ] GC(4) Humongous regions: 0->0
[2023-08-24T14:51:04.464-0700][gc,metaspace] GC(4) Metaspace: 25811K(26112K)->25811K(26112K) NonClass: 22733K(22912K)->22733K(22912K) Class: 3077K(3200K)->3077K(3200K)
[2023-08-24T14:51:04.464-0700][gc          ] GC(4) Pause Young (Normal) (G1 Evacuation Pause) 256M->16M(512M) 16.527ms
[2023-08-24T14:51:04.464-0700][gc,cpu      ] GC(4) User=0.04s Sys=0.02s Real=0.02s
[2023-08-24T14:51:08.999-0700][gc,start    ] GC(5) Pause Young (Normal) (G1 Evacuation Pause)
[2023-08-24T14:51:08.999-0700][gc,task     ] GC(5) Using 8 workers of 8 for evacuation
[2023-08-24T14:51:09.031-0700][gc,phases   ] GC(5)   Pre Evacuate Collection Set: 0.1ms
[2023-08-24T14:51:09.031-0700][gc,phases   ] GC(5)   Merge Heap Roots: 0.0ms
[2023-08-24T14:51:09.031-0700][gc,phases   ] GC(5)   Evacuate Collection Set: 30.3ms
[2023-08-24T14:51:09.031-0700][gc,phases   ] GC(5)   Post Evacuate Collection Set: 1.0ms
[2023-08-24T14:51:09.031-0700][gc,phases   ] GC(5)   Other: 0.1ms
[2023-08-24T14:51:09.031-0700][gc,heap     ] GC(5) Eden regions: 240->0(234)
[2023-08-24T14:51:09.031-0700][gc,heap     ] GC(5) Survivor regions: 16->22(32)
[2023-08-24T14:51:09.031-0700][gc,heap     ] GC(5) Old regions: 0->0
[2023-08-24T14:51:09.031-0700][gc,heap     ] GC(5) Archive regions: 2->2
[2023-08-24T14:51:09.031-0700][gc,heap     ] GC(5) Humongous regions: 0->0
[2023-08-24T14:51:09.031-0700][gc,metaspace] GC(5) Metaspace: 35361K(35712K)->35361K(35712K) NonClass: 31198K(31360K)->31198K(31360K) Class: 4162K(4352K)->4162K(4352K)
[2023-08-24T14:51:09.031-0700][gc          ] GC(5) Pause Young (Normal) (G1 Evacuation Pause) 256M->22M(512M) 31.661ms
[2023-08-24T14:51:09.031-0700][gc,cpu      ] GC(5) User=0.07s Sys=0.03s Real=0.04s
[2023-08-24T14:51:09.399-0700][gc,start    ] GC(6) Pause Young (Concurrent Start) (Metadata GC Threshold)
[2023-08-24T14:51:09.399-0700][gc,task     ] GC(6) Using 8 workers of 8 for evacuation
[2023-08-24T14:51:09.417-0700][gc,phases   ] GC(6)   Pre Evacuate Collection Set: 0.1ms
[2023-08-24T14:51:09.417-0700][gc,phases   ] GC(6)   Merge Heap Roots: 0.0ms
[2023-08-24T14:51:09.417-0700][gc,phases   ] GC(6)   Evacuate Collection Set: 18.0ms
[2023-08-24T14:51:09.417-0700][gc,phases   ] GC(6)   Post Evacuate Collection Set: 0.6ms
[2023-08-24T14:51:09.417-0700][gc,phases   ] GC(6)   Other: 0.0ms
[2023-08-24T14:51:09.417-0700][gc,heap     ] GC(6) Eden regions: 14->0(240)
[2023-08-24T14:51:09.418-0700][gc,heap     ] GC(6) Survivor regions: 22->16(32)
[2023-08-24T14:51:09.418-0700][gc,heap     ] GC(6) Old regions: 0->6
[2023-08-24T14:51:09.418-0700][gc,heap     ] GC(6) Archive regions: 2->2
[2023-08-24T14:51:09.418-0700][gc,heap     ] GC(6) Humongous regions: 0->0
[2023-08-24T14:51:09.418-0700][gc,metaspace] GC(6) Metaspace: 35562K(35968K)->35562K(35968K) NonClass: 31378K(31552K)->31378K(31552K) Class: 4183K(4416K)->4183K(4416K)
[2023-08-24T14:51:09.418-0700][gc          ] GC(6) Pause Young (Concurrent Start) (Metadata GC Threshold) 35M->22M(512M) 18.981ms
[2023-08-24T14:51:09.418-0700][gc,cpu      ] GC(6) User=0.04s Sys=0.01s Real=0.02s
[2023-08-24T14:51:09.418-0700][gc          ] GC(7) Concurrent Mark Cycle
[2023-08-24T14:51:09.418-0700][gc,marking  ] GC(7) Concurrent Clear Claimed Marks
[2023-08-24T14:51:09.418-0700][gc,marking  ] GC(7) Concurrent Clear Claimed Marks 0.025ms
[2023-08-24T14:51:09.418-0700][gc,marking  ] GC(7) Concurrent Scan Root Regions
[2023-08-24T14:51:09.422-0700][gc,marking  ] GC(7) Concurrent Scan Root Regions 4.705ms
[2023-08-24T14:51:09.422-0700][gc,marking  ] GC(7) Concurrent Mark
[2023-08-24T14:51:09.422-0700][gc,marking  ] GC(7) Concurrent Mark From Roots
[2023-08-24T14:51:09.422-0700][gc,task     ] GC(7) Using 2 workers of 2 for marking
[2023-08-24T14:51:09.423-0700][gc,marking  ] GC(7) Concurrent Mark From Roots 0.654ms
[2023-08-24T14:51:09.423-0700][gc,marking  ] GC(7) Concurrent Preclean
[2023-08-24T14:51:09.423-0700][gc,marking  ] GC(7) Concurrent Preclean 0.010ms
[2023-08-24T14:51:09.423-0700][gc,start    ] GC(7) Pause Remark
[2023-08-24T14:51:09.430-0700][gc          ] GC(7) Pause Remark 23M->23M(512M) 7.150ms
[2023-08-24T14:51:09.430-0700][gc,cpu      ] GC(7) User=0.01s Sys=0.01s Real=0.01s
[2023-08-24T14:51:09.430-0700][gc,marking  ] GC(7) Concurrent Mark 8.088ms
[2023-08-24T14:51:09.430-0700][gc,marking  ] GC(7) Concurrent Rebuild Remembered Sets
[2023-08-24T14:51:09.433-0700][gc,marking  ] GC(7) Concurrent Rebuild Remembered Sets 2.096ms
[2023-08-24T14:51:09.433-0700][gc,start    ] GC(7) Pause Cleanup
[2023-08-24T14:51:09.433-0700][gc          ] GC(7) Pause Cleanup 23M->23M(512M) 0.064ms
[2023-08-24T14:51:09.433-0700][gc,cpu      ] GC(7) User=0.00s Sys=0.00s Real=0.00s
[2023-08-24T14:51:09.433-0700][gc,marking  ] GC(7) Concurrent Cleanup for Next Mark
[2023-08-24T14:51:09.434-0700][gc,marking  ] GC(7) Concurrent Cleanup for Next Mark 1.503ms
[2023-08-24T14:51:09.434-0700][gc          ] GC(7) Concurrent Mark Cycle 16.801ms
[2023-08-24T14:51:14.013-0700][gc,start    ] GC(8) Pause Young (Normal) (G1 Evacuation Pause)
[2023-08-24T14:51:14.013-0700][gc,task     ] GC(8) Using 8 workers of 8 for evacuation
[2023-08-24T14:51:14.028-0700][gc,phases   ] GC(8)   Pre Evacuate Collection Set: 0.1ms
[2023-08-24T14:51:14.028-0700][gc,phases   ] GC(8)   Merge Heap Roots: 0.1ms
[2023-08-24T14:51:14.028-0700][gc,phases   ] GC(8)   Evacuate Collection Set: 13.8ms
[2023-08-24T14:51:14.028-0700][gc,phases   ] GC(8)   Post Evacuate Collection Set: 0.9ms
[2023-08-24T14:51:14.028-0700][gc,phases   ] GC(8)   Other: 0.1ms
[2023-08-24T14:51:14.028-0700][gc,heap     ] GC(8) Eden regions: 240->0(231)
[2023-08-24T14:51:14.028-0700][gc,heap     ] GC(8) Survivor regions: 16->25(32)
[2023-08-24T14:51:14.028-0700][gc,heap     ] GC(8) Old regions: 6->6
[2023-08-24T14:51:14.028-0700][gc,heap     ] GC(8) Archive regions: 2->2
[2023-08-24T14:51:14.028-0700][gc,heap     ] GC(8) Humongous regions: 5->5
[2023-08-24T14:51:14.028-0700][gc,metaspace] GC(8) Metaspace: 50092K(50560K)->50092K(50560K) NonClass: 44229K(44480K)->44229K(44480K) Class: 5863K(6080K)->5863K(6080K)
[2023-08-24T14:51:14.028-0700][gc          ] GC(8) Pause Young (Normal) (G1 Evacuation Pause) 267M->36M(512M) 15.117ms
[2023-08-24T14:51:14.028-0700][gc,cpu      ] GC(8) User=0.07s Sys=0.02s Real=0.01s
[2023-08-24T14:51:18.142-0700][gc,start    ] GC(9) Pause Young (Normal) (G1 Evacuation Pause)
[2023-08-24T14:51:18.142-0700][gc,task     ] GC(9) Using 8 workers of 8 for evacuation
[2023-08-24T14:51:18.164-0700][gc,phases   ] GC(9)   Pre Evacuate Collection Set: 0.1ms
[2023-08-24T14:51:18.164-0700][gc,phases   ] GC(9)   Merge Heap Roots: 0.1ms
[2023-08-24T14:51:18.164-0700][gc,phases   ] GC(9)   Evacuate Collection Set: 20.9ms
[2023-08-24T14:51:18.164-0700][gc,phases   ] GC(9)   Post Evacuate Collection Set: 1.1ms
[2023-08-24T14:51:18.164-0700][gc,phases   ] GC(9)   Other: 0.1ms
[2023-08-24T14:51:18.164-0700][gc,heap     ] GC(9) Eden regions: 231->0(231)
[2023-08-24T14:51:18.164-0700][gc,heap     ] GC(9) Survivor regions: 25->25(32)
[2023-08-24T14:51:18.164-0700][gc,heap     ] GC(9) Old regions: 6->14
[2023-08-24T14:51:18.164-0700][gc,heap     ] GC(9) Archive regions: 2->2
[2023-08-24T14:51:18.164-0700][gc,heap     ] GC(9) Humongous regions: 5->5
[2023-08-24T14:51:18.164-0700][gc,metaspace] GC(9) Metaspace: 58866K(59456K)->58866K(59456K) NonClass: 51874K(52160K)->51874K(52160K) Class: 6991K(7296K)->6991K(7296K)
[2023-08-24T14:51:18.164-0700][gc          ] GC(9) Pause Young (Normal) (G1 Evacuation Pause) 267M->43M(512M) 22.493ms
[2023-08-24T14:51:18.164-0700][gc,cpu      ] GC(9) User=0.07s Sys=0.02s Real=0.02s
[2023-08-24T14:51:18.662-0700][gc,start    ] GC(10) Pause Young (Concurrent Start) (Metadata GC Threshold)
[2023-08-24T14:51:18.662-0700][gc,task     ] GC(10) Using 8 workers of 8 for evacuation
[2023-08-24T14:51:18.674-0700][gc,phases   ] GC(10)   Pre Evacuate Collection Set: 0.1ms
[2023-08-24T14:51:18.674-0700][gc,phases   ] GC(10)   Merge Heap Roots: 0.0ms
[2023-08-24T14:51:18.676-0700][gc,phases   ] GC(10)   Evacuate Collection Set: 11.1ms
[2023-08-24T14:51:18.676-0700][gc,phases   ] GC(10)   Post Evacuate Collection Set: 0.6ms
[2023-08-24T14:51:18.676-0700][gc,phases   ] GC(10)   Other: 0.1ms
[2023-08-24T14:51:18.676-0700][gc,heap     ] GC(10) Eden regions: 32->0(246)
[2023-08-24T14:51:18.676-0700][gc,heap     ] GC(10) Survivor regions: 25->10(32)
[2023-08-24T14:51:18.676-0700][gc,heap     ] GC(10) Old regions: 14->29
[2023-08-24T14:51:18.676-0700][gc,heap     ] GC(10) Archive regions: 2->2
[2023-08-24T14:51:18.676-0700][gc,heap     ] GC(10) Humongous regions: 5->5
[2023-08-24T14:51:18.676-0700][gc,metaspace] GC(10) Metaspace: 59579K(60096K)->59579K(60096K) NonClass: 52466K(52736K)->52466K(52736K) Class: 7113K(7360K)->7113K(7360K)
[2023-08-24T14:51:18.676-0700][gc          ] GC(10) Pause Young (Concurrent Start) (Metadata GC Threshold) 75M->44M(512M) 13.804ms
[2023-08-24T14:51:18.676-0700][gc,cpu      ] GC(10) User=0.04s Sys=0.01s Real=0.01s
[2023-08-24T14:51:18.677-0700][gc          ] GC(11) Concurrent Mark Cycle
[2023-08-24T14:51:18.677-0700][gc,marking  ] GC(11) Concurrent Clear Claimed Marks
[2023-08-24T14:51:18.677-0700][gc,marking  ] GC(11) Concurrent Clear Claimed Marks 0.042ms
[2023-08-24T14:51:18.677-0700][gc,marking  ] GC(11) Concurrent Scan Root Regions
[2023-08-24T14:51:18.685-0700][gc,marking  ] GC(11) Concurrent Scan Root Regions 8.078ms
[2023-08-24T14:51:18.685-0700][gc,marking  ] GC(11) Concurrent Mark
[2023-08-24T14:51:18.685-0700][gc,marking  ] GC(11) Concurrent Mark From Roots
[2023-08-24T14:51:18.685-0700][gc,task     ] GC(11) Using 2 workers of 2 for marking
[2023-08-24T14:51:18.695-0700][gc,marking  ] GC(11) Concurrent Mark From Roots 9.892ms
[2023-08-24T14:51:18.695-0700][gc,marking  ] GC(11) Concurrent Preclean
[2023-08-24T14:51:18.695-0700][gc,marking  ] GC(11) Concurrent Preclean 0.043ms
[2023-08-24T14:51:18.695-0700][gc,start    ] GC(11) Pause Remark
[2023-08-24T14:51:18.719-0700][gc          ] GC(11) Pause Remark 46M->46M(512M) 23.193ms
[2023-08-24T14:51:18.719-0700][gc,cpu      ] GC(11) User=0.02s Sys=0.03s Real=0.02s
[2023-08-24T14:51:18.719-0700][gc,marking  ] GC(11) Concurrent Mark 33.905ms
[2023-08-24T14:51:18.719-0700][gc,marking  ] GC(11) Concurrent Rebuild Remembered Sets
[2023-08-24T14:51:18.719-0700][gc,marking  ] GC(11) Concurrent Rebuild Remembered Sets 0.005ms
[2023-08-24T14:51:18.719-0700][gc,start    ] GC(11) Pause Cleanup
[2023-08-24T14:51:18.719-0700][gc          ] GC(11) Pause Cleanup 46M->46M(512M) 0.015ms
[2023-08-24T14:51:18.719-0700][gc,cpu      ] GC(11) User=0.00s Sys=0.00s Real=0.00s
[2023-08-24T14:51:18.719-0700][gc,marking  ] GC(11) Concurrent Cleanup for Next Mark
[2023-08-24T14:51:18.720-0700][gc,marking  ] GC(11) Concurrent Cleanup for Next Mark 1.564ms
[2023-08-24T14:51:18.720-0700][gc          ] GC(11) Concurrent Mark Cycle 43.820ms
[2023-08-24T15:33:59.126-0700][gc,start    ] GC(12) Pause Young (Normal) (G1 Evacuation Pause)
[2023-08-24T15:33:59.127-0700][gc,task     ] GC(12) Using 8 workers of 8 for evacuation
[2023-08-24T15:33:59.172-0700][gc,phases   ] GC(12)   Pre Evacuate Collection Set: 0.3ms
[2023-08-24T15:33:59.172-0700][gc,phases   ] GC(12)   Merge Heap Roots: 0.2ms
[2023-08-24T15:33:59.172-0700][gc,phases   ] GC(12)   Evacuate Collection Set: 42.4ms
[2023-08-24T15:33:59.172-0700][gc,phases   ] GC(12)   Post Evacuate Collection Set: 1.4ms
[2023-08-24T15:33:59.172-0700][gc,phases   ] GC(12)   Other: 0.2ms
[2023-08-24T15:33:59.172-0700][gc,heap     ] GC(12) Eden regions: 246->0(244)
[2023-08-24T15:33:59.172-0700][gc,heap     ] GC(12) Survivor regions: 10->12(32)
[2023-08-24T15:33:59.172-0700][gc,heap     ] GC(12) Old regions: 29->29
[2023-08-24T15:33:59.172-0700][gc,heap     ] GC(12) Archive regions: 2->2
[2023-08-24T15:33:59.172-0700][gc,heap     ] GC(12) Humongous regions: 17->17
[2023-08-24T15:33:59.172-0700][gc,metaspace] GC(12) Metaspace: 68710K(69440K)->68710K(69440K) NonClass: 60749K(61120K)->60749K(61120K) Class: 7960K(8320K)->7960K(8320K)
[2023-08-24T15:33:59.172-0700][gc          ] GC(12) Pause Young (Normal) (G1 Evacuation Pause) 302M->58M(512M) 45.497ms
[2023-08-24T15:33:59.172-0700][gc,cpu      ] GC(12) User=0.06s Sys=0.11s Real=0.05s
[2023-08-24T16:00:07.147-0700][gc,start    ] GC(13) Pause Young (Normal) (G1 Evacuation Pause)
[2023-08-24T16:00:07.147-0700][gc,task     ] GC(13) Using 8 workers of 8 for evacuation
[2023-08-24T16:00:07.194-0700][gc,phases   ] GC(13)   Pre Evacuate Collection Set: 0.8ms
[2023-08-24T16:00:07.194-0700][gc,phases   ] GC(13)   Merge Heap Roots: 0.4ms
[2023-08-24T16:00:07.194-0700][gc,phases   ] GC(13)   Evacuate Collection Set: 43.5ms
[2023-08-24T16:00:07.194-0700][gc,phases   ] GC(13)   Post Evacuate Collection Set: 1.7ms
[2023-08-24T16:00:07.194-0700][gc,phases   ] GC(13)   Other: 0.3ms
[2023-08-24T16:00:07.194-0700][gc,heap     ] GC(13) Eden regions: 244->0(244)
[2023-08-24T16:00:07.194-0700][gc,heap     ] GC(13) Survivor regions: 12->12(32)
[2023-08-24T16:00:07.194-0700][gc,heap     ] GC(13) Old regions: 29->29
[2023-08-24T16:00:07.194-0700][gc,heap     ] GC(13) Archive regions: 2->2
[2023-08-24T16:00:07.194-0700][gc,heap     ] GC(13) Humongous regions: 17->17
[2023-08-24T16:00:07.194-0700][gc,metaspace] GC(13) Metaspace: 69168K(69952K)->69168K(69952K) NonClass: 61191K(61568K)->61191K(61568K) Class: 7976K(8384K)->7976K(8384K)
[2023-08-24T16:00:07.194-0700][gc          ] GC(13) Pause Young (Normal) (G1 Evacuation Pause) 302M->58M(512M) 47.201ms
[2023-08-24T16:00:07.194-0700][gc,cpu      ] GC(13) User=0.07s Sys=0.07s Real=0.05s
[2023-08-24T16:20:25.023-0700][gc,start    ] GC(14) Pause Young (Normal) (G1 Evacuation Pause)
[2023-08-24T16:20:25.024-0700][gc,task     ] GC(14) Using 8 workers of 8 for evacuation
[2023-08-24T16:20:25.077-0700][gc,phases   ] GC(14)   Pre Evacuate Collection Set: 0.9ms
[2023-08-24T16:20:25.077-0700][gc,phases   ] GC(14)   Merge Heap Roots: 0.6ms
[2023-08-24T16:20:25.077-0700][gc,phases   ] GC(14)   Evacuate Collection Set: 49.7ms
[2023-08-24T16:20:25.077-0700][gc,phases   ] GC(14)   Post Evacuate Collection Set: 2.1ms
[2023-08-24T16:20:25.077-0700][gc,phases   ] GC(14)   Other: 0.3ms
[2023-08-24T16:20:25.077-0700][gc,heap     ] GC(14) Eden regions: 244->0(244)
[2023-08-24T16:20:25.077-0700][gc,heap     ] GC(14) Survivor regions: 12->12(32)
[2023-08-24T16:20:25.077-0700][gc,heap     ] GC(14) Old regions: 29->29
[2023-08-24T16:20:25.077-0700][gc,heap     ] GC(14) Archive regions: 2->2
[2023-08-24T16:20:25.077-0700][gc,heap     ] GC(14) Humongous regions: 17->17
[2023-08-24T16:20:25.077-0700][gc,metaspace] GC(14) Metaspace: 69555K(70272K)->69555K(70272K) NonClass: 61537K(61888K)->61537K(61888K) Class: 8017K(8384K)->8017K(8384K)
[2023-08-24T16:20:25.077-0700][gc          ] GC(14) Pause Young (Normal) (G1 Evacuation Pause) 302M->58M(512M) 54.103ms
[2023-08-24T16:20:25.077-0700][gc,cpu      ] GC(14) User=0.08s Sys=0.07s Real=0.05s
[2023-08-24T16:42:43.983-0700][gc,start    ] GC(15) Pause Young (Normal) (G1 Evacuation Pause)
[2023-08-24T16:42:43.983-0700][gc,task     ] GC(15) Using 8 workers of 8 for evacuation
[2023-08-24T16:42:44.034-0700][gc,phases   ] GC(15)   Pre Evacuate Collection Set: 0.6ms
[2023-08-24T16:42:44.034-0700][gc,phases   ] GC(15)   Merge Heap Roots: 0.2ms
[2023-08-24T16:42:44.034-0700][gc,phases   ] GC(15)   Evacuate Collection Set: 42.5ms
[2023-08-24T16:42:44.034-0700][gc,phases   ] GC(15)   Post Evacuate Collection Set: 6.8ms
[2023-08-24T16:42:44.034-0700][gc,phases   ] GC(15)   Other: 0.5ms
[2023-08-24T16:42:44.034-0700][gc,heap     ] GC(15) Eden regions: 244->0(244)
[2023-08-24T16:42:44.034-0700][gc,heap     ] GC(15) Survivor regions: 12->12(32)
[2023-08-24T16:42:44.034-0700][gc,heap     ] GC(15) Old regions: 29->29
[2023-08-24T16:42:44.034-0700][gc,heap     ] GC(15) Archive regions: 2->2
[2023-08-24T16:42:44.034-0700][gc,heap     ] GC(15) Humongous regions: 17->17
[2023-08-24T16:42:44.034-0700][gc,metaspace] GC(15) Metaspace: 69650K(70400K)->69650K(70400K) NonClass: 61629K(62016K)->61629K(62016K) Class: 8020K(8384K)->8020K(8384K)
[2023-08-24T16:42:44.034-0700][gc          ] GC(15) Pause Young (Normal) (G1 Evacuation Pause) 302M->57M(512M) 51.071ms
[2023-08-24T16:42:44.034-0700][gc,cpu      ] GC(15) User=0.06s Sys=0.11s Real=0.05s
[2023-08-24T17:04:05.017-0700][gc,start    ] GC(16) Pause Young (Normal) (G1 Evacuation Pause)
[2023-08-24T17:04:05.018-0700][gc,task     ] GC(16) Using 8 workers of 8 for evacuation
[2023-08-24T17:04:05.091-0700][gc,phases   ] GC(16)   Pre Evacuate Collection Set: 0.8ms
[2023-08-24T17:04:05.091-0700][gc,phases   ] GC(16)   Merge Heap Roots: 0.6ms
[2023-08-24T17:04:05.091-0700][gc,phases   ] GC(16)   Evacuate Collection Set: 69.0ms
[2023-08-24T17:04:05.091-0700][gc,phases   ] GC(16)   Post Evacuate Collection Set: 1.6ms
[2023-08-24T17:04:05.091-0700][gc,phases   ] GC(16)   Other: 0.5ms
[2023-08-24T17:04:05.091-0700][gc,heap     ] GC(16) Eden regions: 244->0(244)
[2023-08-24T17:04:05.091-0700][gc,heap     ] GC(16) Survivor regions: 12->12(32)
[2023-08-24T17:04:05.091-0700][gc,heap     ] GC(16) Old regions: 29->29
[2023-08-24T17:04:05.091-0700][gc,heap     ] GC(16) Archive regions: 2->2
[2023-08-24T17:04:05.091-0700][gc,heap     ] GC(16) Humongous regions: 17->17
[2023-08-24T17:04:05.091-0700][gc,metaspace] GC(16) Metaspace: 69687K(70400K)->69687K(70400K) NonClass: 61664K(62016K)->61664K(62016K) Class: 8023K(8384K)->8023K(8384K)
[2023-08-24T17:04:05.091-0700][gc          ] GC(16) Pause Young (Normal) (G1 Evacuation Pause) 301M->58M(512M) 74.296ms
[2023-08-24T17:04:05.091-0700][gc,cpu      ] GC(16) User=0.07s Sys=0.10s Real=0.08s
[2023-08-24T17:25:20.821-0700][gc,start    ] GC(17) Pause Young (Normal) (G1 Evacuation Pause)
[2023-08-24T17:25:20.822-0700][gc,task     ] GC(17) Using 8 workers of 8 for evacuation
[2023-08-24T17:25:20.864-0700][gc,phases   ] GC(17)   Pre Evacuate Collection Set: 0.7ms
[2023-08-24T17:25:20.864-0700][gc,phases   ] GC(17)   Merge Heap Roots: 0.5ms
[2023-08-24T17:25:20.864-0700][gc,phases   ] GC(17)   Evacuate Collection Set: 39.5ms
[2023-08-24T17:25:20.864-0700][gc,phases   ] GC(17)   Post Evacuate Collection Set: 1.3ms
[2023-08-24T17:25:20.864-0700][gc,phases   ] GC(17)   Other: 0.4ms
[2023-08-24T17:25:20.865-0700][gc,heap     ] GC(17) Eden regions: 244->0(244)
[2023-08-24T17:25:20.865-0700][gc,heap     ] GC(17) Survivor regions: 12->12(32)
[2023-08-24T17:25:20.865-0700][gc,heap     ] GC(17) Old regions: 29->29
[2023-08-24T17:25:20.865-0700][gc,heap     ] GC(17) Archive regions: 2->2
[2023-08-24T17:25:20.865-0700][gc,heap     ] GC(17) Humongous regions: 17->17
[2023-08-24T17:25:20.865-0700][gc,metaspace] GC(17) Metaspace: 69699K(70464K)->69699K(70464K) NonClass: 61674K(62080K)->61674K(62080K) Class: 8024K(8384K)->8024K(8384K)
[2023-08-24T17:25:20.865-0700][gc          ] GC(17) Pause Young (Normal) (G1 Evacuation Pause) 302M->58M(512M) 43.645ms
[2023-08-24T17:25:20.865-0700][gc,cpu      ] GC(17) User=0.07s Sys=0.08s Real=0.04s
[2023-08-24T17:46:39.364-0700][gc,start    ] GC(18) Pause Young (Normal) (G1 Evacuation Pause)
[2023-08-24T17:46:39.364-0700][gc,task     ] GC(18) Using 8 workers of 8 for evacuation
[2023-08-24T17:46:39.420-0700][gc,phases   ] GC(18)   Pre Evacuate Collection Set: 0.8ms
[2023-08-24T17:46:39.420-0700][gc,phases   ] GC(18)   Merge Heap Roots: 0.5ms
[2023-08-24T17:46:39.420-0700][gc,phases   ] GC(18)   Evacuate Collection Set: 50.0ms
[2023-08-24T17:46:39.420-0700][gc,phases   ] GC(18)   Post Evacuate Collection Set: 4.3ms
[2023-08-24T17:46:39.420-0700][gc,phases   ] GC(18)   Other: 0.4ms
[2023-08-24T17:46:39.420-0700][gc,heap     ] GC(18) Eden regions: 244->0(244)
[2023-08-24T17:46:39.420-0700][gc,heap     ] GC(18) Survivor regions: 12->12(32)
[2023-08-24T17:46:39.420-0700][gc,heap     ] GC(18) Old regions: 29->29
[2023-08-24T17:46:39.420-0700][gc,heap     ] GC(18) Archive regions: 2->2
[2023-08-24T17:46:39.420-0700][gc,heap     ] GC(18) Humongous regions: 17->17
[2023-08-24T17:46:39.420-0700][gc,metaspace] GC(18) Metaspace: 69709K(70464K)->69709K(70464K) NonClass: 61684K(62080K)->61684K(62080K) Class: 8024K(8384K)->8024K(8384K)
[2023-08-24T17:46:39.421-0700][gc          ] GC(18) Pause Young (Normal) (G1 Evacuation Pause) 302M->58M(512M) 56.851ms
[2023-08-24T17:46:39.421-0700][gc,cpu      ] GC(18) User=0.07s Sys=0.07s Real=0.06s
[2023-08-24T18:08:00.873-0700][gc,start    ] GC(19) Pause Young (Normal) (G1 Evacuation Pause)
[2023-08-24T18:08:00.874-0700][gc,task     ] GC(19) Using 8 workers of 8 for evacuation
[2023-08-24T18:08:00.923-0700][gc,phases   ] GC(19)   Pre Evacuate Collection Set: 0.4ms
[2023-08-24T18:08:00.923-0700][gc,phases   ] GC(19)   Merge Heap Roots: 0.2ms
[2023-08-24T18:08:00.923-0700][gc,phases   ] GC(19)   Evacuate Collection Set: 45.6ms
[2023-08-24T18:08:00.923-0700][gc,phases   ] GC(19)   Post Evacuate Collection Set: 2.6ms
[2023-08-24T18:08:00.923-0700][gc,phases   ] GC(19)   Other: 0.4ms
[2023-08-24T18:08:00.923-0700][gc,heap     ] GC(19) Eden regions: 244->0(244)
[2023-08-24T18:08:00.923-0700][gc,heap     ] GC(19) Survivor regions: 12->12(32)
[2023-08-24T18:08:00.923-0700][gc,heap     ] GC(19) Old regions: 29->29
[2023-08-24T18:08:00.923-0700][gc,heap     ] GC(19) Archive regions: 2->2
[2023-08-24T18:08:00.923-0700][gc,heap     ] GC(19) Humongous regions: 17->17
[2023-08-24T18:08:00.923-0700][gc,metaspace] GC(19) Metaspace: 69710K(70464K)->69710K(70464K) NonClass: 61685K(62080K)->61685K(62080K) Class: 8024K(8384K)->8024K(8384K)
[2023-08-24T18:08:00.923-0700][gc          ] GC(19) Pause Young (Normal) (G1 Evacuation Pause) 302M->58M(512M) 50.192ms
[2023-08-24T18:08:00.923-0700][gc,cpu      ] GC(19) User=0.06s Sys=0.08s Real=0.05s
